﻿[36mvite v6.4.1 [32mbuilding for production...[36m[39m
transforming...
[32mΓ£ô[39m 2262 modules transformed.
[31mΓ£ù[39m Build failed in 3.56s
[31merror during build:
[31m[vite]: Rollup failed to resolve import "react-is" from "C:/Users/ashwi/ExibitType-N-S-/node_modules/recharts/es6/util/ReactUtils.js".
This is most likely unintended because it can break your application at runtime.
If you do want to externalize this module explicitly add it to
`build.rollupOptions.external`[31m
    at viteLog (file:///C:/Users/ashwi/ExibitType-N-S-/node_modules/vite/dist/node/chunks/dep-D4NMHUTW.js:46374:15)
    at file:///C:/Users/ashwi/ExibitType-N-S-/node_modules/vite/dist/node/chunks/dep-D4NMHUTW.js:46432:18
    at onwarn (file:///C:/Users/ashwi/ExibitType-N-S-/node_modules/@vitejs/plugin-react/dist/index.js:76:7)
    at file:///C:/Users/ashwi/ExibitType-N-S-/node_modules/vite/dist/node/chunks/dep-D4NMHUTW.js:46430:7
    at onRollupLog (file:///C:/Users/ashwi/ExibitType-N-S-/node_modules/vite/dist/node/chunks/dep-D4NMHUTW.js:46422:5)
    at onLog (file:///C:/Users/ashwi/ExibitType-N-S-/node_modules/vite/dist/node/chunks/dep-D4NMHUTW.js:46072:7)
    at file:///C:/Users/ashwi/ExibitType-N-S-/node_modules/rollup/dist/es/shared/node-entry.js:21369:32
    at Object.logger [as onLog] (file:///C:/Users/ashwi/ExibitType-N-S-/node_modules/rollup/dist/es/shared/node-entry.js:23364:9)
    at ModuleLoader.handleInvalidResolvedId (file:///C:/Users/ashwi/ExibitType-N-S-/node_modules/rollup/dist/es/shared/node-entry.js:22108:26)
    at file:///C:/Users/ashwi/ExibitType-N-S-/node_modules/rollup/dist/es/shared/node-entry.js:22066:26[39m
